
--- Testing Termii SMS Gateway ---
Target: 2348000000000

Test 1: Sending Generic SMS (Testing Fallback)...
Attempting to send SMS via Termii with sender ID: N-Alert
node : (node:22564) [MO
DULE_TYPELESS_PACKAGE_J
SON] Warning: Module 
type of file:///C:/User
s/TINGO-AI-010/Document
s/Go-cycle/backend/lib/
sms.js is not 
specified and it 
doesn't parse as 
CommonJS.
At line:1 char:1
+ node --env-file=.env 
tmp/test-real-sms.mjs 
2348000000000 > 
tmp/test-r ...
+ ~~~~~~~~~~~~~~~~~~~~~
~~~~~~~~~~~~~~~~~~~~~~~
~~~~~~~~~~~~~~~~~~~~~~~
~~
    + CategoryInfo     
         : NotSpecifi  
  ed: ((node:22564)    
 [M...se as CommonJ    
S.:String) [], Rem    
oteException
    + FullyQualifiedEr 
   rorId : NativeComm  
  andError
 
Reparsing as ES module 
because module syntax 
was detected. This 
incurs a performance 
overhead.
To eliminate this 
warning, add "type": 
"module" to C:\Users\TI
NGO-AI-010\Documents\Go
-cycle\package.json.
(Use `node 
--trace-warnings ...` 
to show where the 
warning was created)
ΓÜá∩╕Å Sender ID 
"N-Alert" rejected by 
Termii. Trying next...
Attempting to send SMS via Termii with sender ID: N-Alert
ΓÜá∩╕Å Sender ID 
"N-Alert" rejected by 
Termii. Trying next...
Attempting to send SMS via Termii with sender ID: talert
ΓÜá∩╕Å Sender ID 
"talert" rejected by 
Termii. Trying next...
Attempting to send SMS via Termii with sender ID: Termii
ΓÜá∩╕Å Sender ID 
"Termii" rejected by 
Termii. Trying next...
Γ¥î Test 1 Failed: 
Failed to send SMS 
after trying all 
available sender IDs.

Test 2: Sending OTP Message...
Attempting to send SMS via Termii with sender ID: N-Alert
Attempting to send SMS via Termii with sender ID: N-Alert
ΓÜá∩╕Å Sender ID 
"N-Alert" rejected by 
Termii. Trying next...
ΓÜá∩╕Å Sender ID 
"N-Alert" rejected by 
Termii. Trying next...
Attempting to send SMS via Termii with sender ID: talert
ΓÜá∩╕Å Sender ID 
"talert" rejected by 
Termii. Trying next...
Attempting to send SMS via Termii with sender ID: Termii
ΓÜá∩╕Å Sender ID 
"Termii" rejected by 
Termii. Trying next...
Γ¥î Test 2 Failed: 
Failed to send SMS 
after trying all 
available sender IDs.
