npx : [baseline-browser-mapping] The data in this module is over two months old.  To ensure accurate Baseline data, 
please update: `npm i baseline-browser-mapping@latest -D`
At line:1 char:1
+ npx next build 2>&1 | Out-File -FilePath build_output.txt; Get-Conten ...
+ ~~~~~~~~~~~~~~~~~~~
    + CategoryInfo          : NotSpecified: ([baseline-brows...ping@latest -D`:String) [], RemoteException
    + FullyQualifiedErrorId : NativeCommandError
 
   Γû▓ Next.js 16.0.10 (Turbopack)
   - Environments: .env
   - Experiments (use with caution):
     ┬╖ serverActions

   Creating an optimized production build ...
[baseline-browser-mapping] The data in this module is over two months old.  To ensure accurate Baseline data, please 
update: `npm i baseline-browser-mapping@latest -D`
 Γ£ô Compiled successfully in 39.2s
   Running TypeScript ...
   Collecting page data using 7 workers ...
[baseline-browser-mapping] The data in this module is over two months old.  To ensure accurate Baseline data, please 
update: `npm i baseline-browser-mapping@latest -D`
[baseline-browser-mapping] The data in this module is over two months old.  To ensure accurate Baseline data, please 
update: `npm i baseline-browser-mapping@latest -D`
[baseline-browser-mapping] The data in this module is over two months old.  To ensure accurate Baseline data, please 
update: `npm i baseline-browser-mapping@latest -D`
[baseline-browser-mapping] The data in this module is over two months old.  To ensure accurate Baseline data, please 
update: `npm i baseline-browser-mapping@latest -D`
[baseline-browser-mapping] The data in this module is over two months old.  To ensure accurate Baseline data, please 
update: `npm i baseline-browser-mapping@latest -D`
[baseline-browser-mapping] The data in this module is over two months old.  To ensure accurate Baseline data, please 
update: `npm i baseline-browser-mapping@latest -D`
[baseline-browser-mapping] The data in this module is over two months old.  To ensure accurate Baseline data, please 
update: `npm i baseline-browser-mapping@latest -D`
   Generating static pages using 7 workers (0/57) ...
[baseline-browser-mapping] The data in this module is over two months old.  To ensure accurate Baseline data, please 
update: `npm i baseline-browser-mapping@latest -D`
[baseline-browser-mapping] The data in this module is over two months old.  To ensure accurate Baseline data, please 
update: `npm i baseline-browser-mapping@latest -D`
[baseline-browser-mapping] The data in this module is over two months old.  To ensure accurate Baseline data, please 
update: `npm i baseline-browser-mapping@latest -D`
   Generating static pages using 7 workers (14/57) 
   Generating static pages using 7 workers (28/57) 
   Generating static pages using 7 workers (42/57) 
 Γ£ô Generating static pages using 7 workers (57/57) in 14.0s
   Finalizing page optimization ...

Route (app)
Γöî Γùï /
Γö£ Γùï /_not-found
Γö£ Γùï /about
Γö£ Γùï /admin
Γö£ Γùï /admin/approve
Γö£ Γùï /admin/coupons
Γö£ Γùï /admin/notifications
Γö£ Γùï /admin/orders
Γö£ Γùï /admin/payments
Γö£ Γùï /admin/pending-products
Γö£ Γùï /admin/products
Γö£ Γùï /admin/sellers
Γö£ Γùï /admin/settings
Γö£ Γùï /admin/stores
Γö£ Γùï /admin/users
Γö£ Γùï /admin/verify-buyers
Γö£ ╞Æ /api/debug
Γö£ ╞Æ /api/diag
Γö£ ╞Æ /api/diagnostic
Γö£ ╞Æ /api/products2
Γö£ ╞Æ /api/submit-verification
Γö£ ╞Æ /api/verify-bank
Γö£ ╞Æ /api/verify-cac
Γö£ ╞Æ /api/verify-nin
Γö£ Γùï /buyer
Γö£ Γùï /buyer/orders
Γö£ Γùï /buyer/profile
Γö£ Γùï /buyer/schedule
Γö£ ╞Æ /buyer/track/[orderId]
Γö£ Γùï /cart
Γö£ Γùï /create-store
Γö£ Γùï /delivery
Γö£ Γùï /faq
Γö£ Γùï /loading
Γö£ Γùï /login
Γö£ Γùï /marketplace
Γö£ Γùï /notifications
Γö£ Γùï /orders
Γö£ Γùï /payment-logistics
Γö£ Γùï /pricing
Γö£ ╞Æ /product/[productId]
Γö£ Γùï /sell4me
Γö£ Γùï /seller
Γö£ Γùï /seller/orders
Γö£ Γùï /seller/products
Γö£ Γùï /seller/settings
Γö£ Γùï /shop
Γö£ ╞Æ /shop/[username]
Γö£ Γùï /signup
Γö£ Γùï /sourcing-policy
Γö£ Γùï /store
Γö£ Γùï /store/add-product
Γö£ Γùï /store/manage-product
Γö£ Γùï /store/orders
Γö£ Γùï /sustainability
Γö£ Γùï /terms
Γö£ Γùï /test-login
Γö£ Γùï /test-qoreid
Γöö Γùï /trade-process


Γùï  (Static)   prerendered as static content
╞Æ  (Dynamic)  server-rendered on demand

